Response: PROVIDER OK
PROVIDER OK
